The ``lazy_matrix_mul`` module
==============================

Using ``lazy_matrix_mul``
-------------------------

Import file
>>> lazy_matrix_mul = __import__('101-lazy_matrix_mul').lazy_matrix_mul

Test multiply 2 integers matrices
>>> lazy_matrix_mul([[1, 2], [3, 4]], [[1, 2], [3, 4]])
array([[ 7, 10],
       [15, 22]])

Test multiply 2 integers matrices
>>> lazy_matrix_mul([[1, 2]], [[3, 4], [5, 6]])
array([[13, 16]])

Test wrong list type of first matrix
>>> lazy_matrix_mul("[]", [[], []])
Traceback (most recent call last):
ValueError: Scalar operands are not allowed, use '*' instead

Test wrong list type of second matrix
>>> lazy_matrix_mul([[], []], "[]")
Traceback (most recent call last):
ValueError: Scalar operands are not allowed, use '*' instead

Test wrong list of lists type of first matrix
>>> lazy_matrix_mul(["a", "b"], [[1, 2], [3, 4]])
Traceback (most recent call last):
TypeError: invalid data type for einsum

Test wrong list of lists type of second matrix
>>> lazy_matrix_mul([[1, 2], [3, 4]], ["a", "b"])
Traceback (most recent call last):
TypeError: invalid data type for einsum

Test first matrix as empty
>>> lazy_matrix_mul([], [[1, 2], [3, 4]])
Traceback (most recent call last):
ValueError: shapes (0,) and (2,2) not aligned: 0 (dim 0) != 2 (dim 0)

Test second matrix as empty
>>> lazy_matrix_mul([[1, 2], [3, 4]], [[], []])
array([], shape=(2, 0), dtype=int64)

Test multiply 2 matrices whose at least one element of first matrix is not integer or float
>>> lazy_matrix_mul([["1", 2], [3, 4]], [[5, 6], [7, 8]])
Traceback (most recent call last):
TypeError: invalid data type for einsum

Test multiply 2 matrices whose at least one element of second matrix is not integer or float
>>> lazy_matrix_mul([[1, 2], [3, 4]], [[5, 6], [7, "8"]])
Traceback (most recent call last):
TypeError: invalid data type for einsum

Test first matrix as not rectangle
>>> lazy_matrix_mul([[1, 2], [3, 4, 9]], [[5, 6], [7, 8]])
Traceback (most recent call last):
ValueError: setting an array element with a sequence.

Test second matrix as not rectangle
>>> lazy_matrix_mul([[1, 2], [3, 4]], [[5, 6], [7, 8, 9]])
Traceback (most recent call last):
ValueError: setting an array element with a sequence.

Test matrices that cannot be multiplied
>>> lazy_matrix_mul([[1, 2, 3], [3, 4, 5]], [[1, 2], [3, 4]])
Traceback (most recent call last):
ValueError: shapes (2,3) and (2,2) not aligned: 3 (dim 1) != 2 (dim 0)

Test calling lazy_matrix_mul without passing second matrix as parameter
>>> lazy_matrix_mul([[1, 2], [3, 4]])
Traceback (most recent call last):
TypeError: lazy_matrix_mul() missing 1 required positional argument: 'm_b'

Test calling lazy_matrix_mul without paramters
>>> lazy_matrix_mul()
Traceback (most recent call last):
TypeError: lazy_matrix_mul() missing 2 required positional arguments: 'm_a' and 'm_b'
